// Vitest Snapshot v1, https://vitest.dev/guide/snapshot.html

exports[`Header component > renders correctly and match snapshot 1`] = `null`;
