// Vitest Snapshot v1, https://vitest.dev/guide/snapshot.html

exports[`TableCol > should render the component 1`] = `
<div
  class="sc-beqWaB kzVmMa table-cell"
  data-label="Name"
>
  John Doe
</div>
`;
